[qi51.qodeinteractive.com/index.html]
[backblue.gif]
[fade.gif]
[index.html]
[qi51.qodeinteractive.com/wp-includes/css/dist/block-library/style.mind42d.css]
[qi51.qodeinteractive.com/feed/index.html]
[qi51.qodeinteractive.com/wp-content/plugins/anti-spam/assets/css/admin-barba31.css]
[qi51.qodeinteractive.com/comments/feed/index.html]
[qi51.qodeinteractive.com/wp-content/plugins/qi-addons-for-elementor/assets/plugins/swiper/swiper.mind42d.css]
[qi51.qodeinteractive.com/wp-content/plugins/qi-addons-for-elementor/assets/css/grid.mind42d.css]
[qi51.qodeinteractive.com/wp-content/plugins/qi-addons-for-elementor/assets/css/helper-parts.mind42d.css]
[qi51.qodeinteractive.com/wp-content/plugins/qi-addons-for-elementor/assets/css/main.mind42d.css]
[qi51.qodeinteractive.com/wp-content/plugins/qode-essential-addons/assets/plugins/perfect-scrollbar/perfect-scrollbard42d.css]
[qi51.qodeinteractive.com/wp-content/plugins/qode-essential-addons/assets/css/main.mind42d.css]
[qi51.qodeinteractive.com/wp-content/themes/qi/assets/css/grid.mind42d.css]
[qi51.qodeinteractive.com/wp-content/themes/qi/assets/css/main.mind42d.css]
[qi51.qodeinteractive.com/wp-content/themes/qi/styled42d.css]
[qi51.qodeinteractive.com/wp-content/plugins/qode-essential-addons/inc/plugins/elementor/assets/css/elementor.mind42d.css]
[qi51.qodeinteractive.com/wp-content/plugins/elementor/assets/lib/eicons/css/elementor-icons.min91ce.css]
[qi51.qodeinteractive.com/wp-content/plugins/elementor/assets/css/frontend-legacy.min3621.css]
[qi51.qodeinteractive.com/wp-content/plugins/elementor/assets/css/frontend.min3621.css]
[qi51.qodeinteractive.com/wp-content/uploads/elementor/css/post-57071.css]
[qi51.qodeinteractive.com/wp-content/uploads/elementor/css/post-97071.css]
[qi51.qodeinteractive.com/wp-content/plugins/qi-demos-toolbar/assets/css/maind42d.css]
[qi51.qodeinteractive.com/wp-includes/js/jquery/jquery.minaf6c.js]
[qi51.qodeinteractive.com/wp-includes/js/jquery/jquery-migrate.mind617.js]
[qi51.qodeinteractive.com/wp-content/plugins/qi-demos-toolbar/assets/js/maind42d.js]
[qi51.qodeinteractive.com/wp-json/wp/v2/pages/9.json]
[qi51.qodeinteractive.com/wp-json/index.html]
[qi51.qodeinteractive.com/xmlrpc.160db0.delayed]
[qi51.qodeinteractive.com/wp-json/oembed/1.0/embedab08.json]
[qi51.qodeinteractive.com/wp-includes/wlwmanifest.xml]
[qi51.qodeinteractive.com/wp-json/oembed/1.0/embed9cf4]
[qi51.qodeinteractive.com/wp-content/uploads/2021/04/cropped-qi-favicon-32x32.png]
[qi51.qodeinteractive.com/wp-content/uploads/2021/04/cropped-qi-favicon-192x192.png]
[qi51.qodeinteractive.com/wp-content/uploads/2021/04/cropped-qi-favicon-180x180.png]
[qi51.qodeinteractive.com/wp-content/uploads/2020/10/logo.png]
[qi51.qodeinteractive.com/wp-content/uploads/2020/10/port-img-1.jpg]
[qi51.qodeinteractive.com/portfolio-item/see-the-magic/index.html]
[qi51.qodeinteractive.com/about/index.html]
[qi51.qodeinteractive.com/wp-content/uploads/2020/10/port-img-2.jpg]
[qi51.qodeinteractive.com/wp-content/uploads/2020/10/port-img-3.jpg]
[qi51.qodeinteractive.com/portfolio-category/photography/index.html]
[qi51.qodeinteractive.com/portfolio-item/key-to-design/index.html]
[qi51.qodeinteractive.com/wp-content/uploads/2020/10/port-img-4.jpg]
[qi51.qodeinteractive.com/portfolio-item/photo-and-art/index.html]
[qi51.qodeinteractive.com/wp-content/uploads/2020/10/port-img-5.jpg]
[qi51.qodeinteractive.com/portfolio-item/viewpoints/index.html]
[qi51.qodeinteractive.com/wp-content/uploads/2020/10/port-img-6.jpg]
[qi51.qodeinteractive.com/portfolio-item/before-fading-away/index.html]
[qi51.qodeinteractive.com/wp-content/uploads/2020/10/port-img-7.jpg]
[qi51.qodeinteractive.com/portfolio-item/a-photogenic-face/index.html]
[qi51.qodeinteractive.com/portfolio-item/digital-photo-artist/index.html]
[qi51.qodeinteractive.com/wp-content/uploads/2020/10/port-img-8.jpg]
[qi51.qodeinteractive.com/portfolio-item/photo-memory/index.html]
[qi51.qodeinteractive.com/portfolio-item/we-are-mirroring/index.html]
[qi51.qodeinteractive.com/wp-content/uploads/2020/10/port-img-9.jpg]
[qi51.qodeinteractive.com/cdn-cgi/l/email-protection.html]
[qi51.qodeinteractive.com/wp-content/plugins/elementor/assets/lib/animations/animations.min3621.css]
[qi51.qodeinteractive.com/cdn-cgi/scripts/5c5dd728/cloudflare-static/email-decode.min.js]
[qi51.qodeinteractive.com/wp-includes/js/jquery/ui/core.min0028.js]
[qi51.qodeinteractive.com/wp-content/plugins/qi-addons-for-elementor/assets/js/main.mind42d.js]
[qi51.qodeinteractive.com/wp-includes/js/hoverIntent.min3e5a.js]
[qi51.qodeinteractive.com/wp-content/plugins/qode-essential-addons/assets/plugins/modernizr/modernizrd42d.js]
[qi51.qodeinteractive.com/wp-content/plugins/qi-addons-for-elementor/assets/plugins/fslightbox/fslightbox.mind42d.js]
[qi51.qodeinteractive.com/wp-content/plugins/elementor/assets/lib/swiper/swiper.min48f5.js]
[qi51.qodeinteractive.com/wp-content/plugins/qode-essential-addons/assets/plugins/perfect-scrollbar/perfect-scrollbar.jquery.mind42d.js]
[qi51.qodeinteractive.com/wp-content/plugins/qode-essential-addons/assets/js/main.mind42d.js]
[qi51.qodeinteractive.com/wp-content/themes/qi/assets/js/main.mind42d.js]
[qi51.qodeinteractive.com/wp-content/plugins/qi-addons-for-elementor/inc/masonry/assets/js/plugins/isotope.pkgd.mind42d.js]
[qi51.qodeinteractive.com/wp-content/plugins/qi-addons-for-elementor/inc/masonry/assets/js/plugins/packery-mode.pkgd.mind42d.js]
[qi51.qodeinteractive.com/wp-content/plugins/elementor/assets/js/webpack.runtime.min3621.js]
[qi51.qodeinteractive.com/wp-content/plugins/elementor/assets/js/frontend-modules.min3621.js]
[qi51.qodeinteractive.com/wp-content/plugins/elementor/assets/lib/waypoints/waypoints.min05da.js]
[qi51.qodeinteractive.com/wp-content/plugins/elementor/assets/lib/share-link/share-link.min3621.js]
[qi51.qodeinteractive.com/wp-content/plugins/elementor/assets/lib/dialog/dialog.mind227.js]
[qi51.qodeinteractive.com/wp-content/plugins/elementor/assets/js/frontend.min3621.js]
[qi51.qodeinteractive.com/wp-includes/js/dist/vendor/regenerator-runtime.min3937.js]
[qi51.qodeinteractive.com/wp-includes/js/dist/vendor/wp-polyfill.min2c7c.js]
[qi51.qodeinteractive.com/wp-includes/js/dist/hooks.mincbb5.js]
[qi51.qodeinteractive.com/wp-includes/js/dist/i18n.min771a.js]
[qi51.qodeinteractive.com/wp-content/plugins/qi-addons-for-elementor/inc/plugins/elementor/assets/js/elementord42d.js]
[qi51.qodeinteractive.com/wp-content/plugins/qode-essential-addons/inc/plugins/elementor/assets/js/elementord42d.js]
[qi51.qodeinteractive.com/index.html]
[qi51.qodeinteractive.com/wp-includes/css/dist/block-library/style.mind42d.css]
[qi51.qodeinteractive.com/wp-content/plugins/elementor/assets/js/preloaded-modules.min3621.js]
[qi51.qodeinteractive.com/wp-content/plugins/anti-spam/assets/img/titan-icon.png]
[qi51.qodeinteractive.com/wp-content/plugins/anti-spam/assets/css/admin-barba31.css]
[qi51.qodeinteractive.com/wp-content/plugins/qi-addons-for-elementor/assets/plugins/swiper/swiper.mind42d.css]
[qi51.qodeinteractive.com/wp-content/plugins/qi-addons-for-elementor/assets/css/grid.mind42d.css]
[qi51.qodeinteractive.com/wp-content/plugins/qi-addons-for-elementor/assets/css/helper-parts.mind42d.css]
[qi51.qodeinteractive.com/wp-content/plugins/qi-addons-for-elementor/assets/css/main.mind42d.css]
[qi51.qodeinteractive.com/wp-content/plugins/qode-essential-addons/assets/plugins/perfect-scrollbar/perfect-scrollbard42d.css]
[qi51.qodeinteractive.com/wp-content/plugins/qode-essential-addons/assets/fonts/Roboto-Regular.ttf]
[qi51.qodeinteractive.com/wp-content/plugins/qode-essential-addons/assets/fonts/Heebo-Light.ttf]
[qi51.qodeinteractive.com/wp-content/plugins/qode-essential-addons/assets/fonts/Heebo-Regular.ttf]
[qi51.qodeinteractive.com/wp-content/plugins/qode-essential-addons/assets/fonts/Heebo-Medium.ttf]
[qi51.qodeinteractive.com/wp-content/plugins/qode-essential-addons/assets/img/search-icon.svg]
[qi51.qodeinteractive.com/wp-content/plugins/qode-essential-addons/assets/img/side-area-bg.png]
[qi51.qodeinteractive.com/wp-content/plugins/qode-essential-addons/assets/css/main.mind42d.css]
[qi51.qodeinteractive.com/wp-content/themes/qi/assets/css/grid.mind42d.css]
[qi51.qodeinteractive.com/wp-content/themes/qi/assets/css/main.mind42d.css]
[qi51.qodeinteractive.com/wp-content/themes/qi/styled42d.css]
[qi51.qodeinteractive.com/wp-content/plugins/qode-essential-addons/inc/plugins/elementor/assets/css/elementor.mind42d.css]
[qi51.qodeinteractive.com/wp-content/plugins/elementor/assets/lib/eicons/fonts/eicons1075.eot]
[qi51.qodeinteractive.com/wp-content/plugins/elementor/assets/lib/eicons/fonts/eicons1075.woff2]
[qi51.qodeinteractive.com/wp-content/plugins/elementor/assets/lib/eicons/fonts/eicons1075.woff]
[qi51.qodeinteractive.com/wp-content/plugins/elementor/assets/lib/eicons/fonts/eicons1075.ttf]
[qi51.qodeinteractive.com/wp-content/plugins/elementor/assets/lib/eicons/css/elementor-icons.min91ce.css]
[qi51.qodeinteractive.com/wp-content/plugins/elementor/assets/css/frontend-legacy.min3621.css]
[qi51.qodeinteractive.com/wp-content/plugins/elementor/assets/css/frontend.min3621.css]
[qi51.qodeinteractive.com/wp-content/uploads/elementor/css/post-57071.css]
[qi51.qodeinteractive.com/wp-content/uploads/elementor/css/post-97071.css]
[qi51.qodeinteractive.com/wp-content/plugins/elementor/assets/lib/eicons/fonts/eicons1075.svg]
[qi51.qodeinteractive.com/wp-content/plugins/qi-demos-toolbar/assets/css/maind42d.css]
[qi51.qodeinteractive.com/xmlrpc0db0.html]
[qi51.qodeinteractive.com/index6729.html]
[qi51.qodeinteractive.com/wp-content/plugins/qi-demos-toolbar/assets/fonts/DMSans-Bold.ttf]
[qi51.qodeinteractive.com/wp-content/uploads/elementor/css/post-140f18e.css]
[qi51.qodeinteractive.com/wp-json/wp/v2/pages/140.json]
[qi51.qodeinteractive.com/wp-json/oembed/1.0/embedb377.json]
[qi51.qodeinteractive.com/wp-json/oembed/1.0/embedde7e]
[qi51.qodeinteractive.com/wp-content/uploads/2020/10/about-img-1.jpg]
[qi51.qodeinteractive.com/about/index.html]
[qi51.qodeinteractive.com/wp-content/uploads/elementor/css/post-1035065.css]
[qi51.qodeinteractive.com/portfolio-item/see-the-magic/feed/index.html]
[qi51.qodeinteractive.com/wp-json/wp/v2/portfolio-item/103.json]
[qi51.qodeinteractive.com/wp-json/oembed/1.0/embed5761.json]
[qi51.qodeinteractive.com/wp-json/oembed/1.0/embed92c9]
[qi51.qodeinteractive.com/wp-content/uploads/2020/10/port-custom-img-1.jpg]
[qi51.qodeinteractive.com/wp-content/uploads/2020/10/port-custom-img-2.jpg]
[qi51.qodeinteractive.com/wp-content/uploads/2020/10/port-custom-img-3.jpg]
[qi51.qodeinteractive.com/wp-content/uploads/2020/10/port-custom-img-4.jpg]
[qi51.qodeinteractive.com/wp-content/uploads/2020/10/port-custom-img-5.jpg]
[qi51.qodeinteractive.com/wp-content/plugins/anti-spam/assets/js/anti-spamba31.js]
[qi51.qodeinteractive.com/portfolio-item/see-the-magic/index.html]
[qi51.qodeinteractive.com/wp-includes/js/comment-reply.mind42d.js]
[qi51.qodeinteractive.com/portfolio-category/photography/index.html]
[qi51.qodeinteractive.com/wp-json/wp/v2/portfolio-category/3.json]
[qi51.qodeinteractive.com/wp-content/uploads/elementor/css/post-99b025.css]
[qi51.qodeinteractive.com/portfolio-category/photography/feed/index.html]
[qi51.qodeinteractive.com/portfolio-item/key-to-design/feed/index.html]
[qi51.qodeinteractive.com/wp-json/wp/v2/portfolio-item/99.json]
[qi51.qodeinteractive.com/wp-json/oembed/1.0/embed1092.json]
[qi51.qodeinteractive.com/portfolio-item/key-to-design/index.html]
[qi51.qodeinteractive.com/wp-json/oembed/1.0/embeda5b9]
[qi51.qodeinteractive.com/wp-content/uploads/elementor/css/post-95adb2.css]
[qi51.qodeinteractive.com/portfolio-item/photo-and-art/feed/index.html]
[qi51.qodeinteractive.com/wp-json/wp/v2/portfolio-item/95.json]
[qi51.qodeinteractive.com/wp-json/oembed/1.0/embed1671.json]
[qi51.qodeinteractive.com/portfolio-item/photo-and-art/index.html]
[qi51.qodeinteractive.com/wp-json/oembed/1.0/embed58ff]
[qi51.qodeinteractive.com/wp-content/uploads/elementor/css/post-9162c2.css]
[qi51.qodeinteractive.com/portfolio-item/viewpoints/feed/index.html]
[qi51.qodeinteractive.com/wp-json/wp/v2/portfolio-item/91.json]
[qi51.qodeinteractive.com/wp-json/oembed/1.0/embed6cff.json]
[qi51.qodeinteractive.com/portfolio-item/viewpoints/index.html]
[qi51.qodeinteractive.com/wp-json/oembed/1.0/embedcf18]
[qi51.qodeinteractive.com/wp-content/uploads/elementor/css/post-87b284.css]
[qi51.qodeinteractive.com/portfolio-item/before-fading-away/feed/index.html]
[qi51.qodeinteractive.com/wp-json/wp/v2/portfolio-item/87.json]
[qi51.qodeinteractive.com/wp-json/oembed/1.0/embed8e6a.json]
[qi51.qodeinteractive.com/portfolio-item/before-fading-away/index.html]
[qi51.qodeinteractive.com/wp-json/oembed/1.0/embedca95]
[qi51.qodeinteractive.com/wp-content/uploads/elementor/css/post-781bc5.css]
[qi51.qodeinteractive.com/portfolio-item/a-photogenic-face/feed/index.html]
[qi51.qodeinteractive.com/wp-json/wp/v2/portfolio-item/78.json]
[qi51.qodeinteractive.com/wp-json/oembed/1.0/embedc91f.json]
[qi51.qodeinteractive.com/portfolio-item/a-photogenic-face/index.html]
[qi51.qodeinteractive.com/wp-json/oembed/1.0/embedf130]
[qi51.qodeinteractive.com/wp-content/uploads/elementor/css/post-7353e6.css]
[qi51.qodeinteractive.com/portfolio-item/digital-photo-artist/feed/index.html]
[qi51.qodeinteractive.com/wp-json/wp/v2/portfolio-item/73.json]
[qi51.qodeinteractive.com/wp-json/oembed/1.0/embeda0c7.json]
[qi51.qodeinteractive.com/portfolio-item/digital-photo-artist/index.html]
[qi51.qodeinteractive.com/wp-json/oembed/1.0/embedd92c]
[qi51.qodeinteractive.com/wp-content/uploads/elementor/css/post-679166.css]
[qi51.qodeinteractive.com/portfolio-item/photo-memory/feed/index.html]
[qi51.qodeinteractive.com/wp-json/wp/v2/portfolio-item/67.json]
[qi51.qodeinteractive.com/wp-json/oembed/1.0/embed16ee.json]
[qi51.qodeinteractive.com/portfolio-item/photo-memory/index.html]
[qi51.qodeinteractive.com/wp-json/oembed/1.0/embed91e0]
[qi51.qodeinteractive.com/wp-content/uploads/elementor/css/post-15809e.css]
[qi51.qodeinteractive.com/portfolio-item/we-are-mirroring/feed/index.html]
[qi51.qodeinteractive.com/wp-json/wp/v2/portfolio-item/15.json]
[qi51.qodeinteractive.com/wp-json/oembed/1.0/embedf8d5.json]
[qi51.qodeinteractive.com/portfolio-item/we-are-mirroring/index.html]
[qi51.qodeinteractive.com/cdn-cgi/l/email-protection.html]
[qi51.qodeinteractive.com/wp-content/plugins/elementor/assets/lib/animations/animations.min3621.css]
[qi51.qodeinteractive.com/wp-content/plugins/qode-essential-addons/assets/fonts/Roboto-Regular.html]
[qi51.qodeinteractive.com/wp-content/plugins/qode-essential-addons/assets/fonts/Heebo-Light.html]
[qi51.qodeinteractive.com/wp-content/plugins/qode-essential-addons/assets/fonts/Heebo-Regular.html]
[qi51.qodeinteractive.com/wp-content/plugins/qode-essential-addons/assets/fonts/Heebo-Medium.html]
[qi51.qodeinteractive.com/wp-content/plugins/qode-essential-addons/assets/img/search-icon.html]
[qi51.qodeinteractive.com/wp-content/plugins/elementor/assets/lib/eicons/fonts/eicons1075.svg]
[qi51.qodeinteractive.com/index13e0.html]
[qi51.qodeinteractive.com/wp-content/uploads/elementor/css/post-140f18e.css]
[qi51.qodeinteractive.com/index248a.html]
[qi51.qodeinteractive.com/index5ba9.html]
[qi51.qodeinteractive.com/wp-content/uploads/elementor/css/post-1035065.css]
[qi51.qodeinteractive.com/indexe6f0.html]
[qi51.qodeinteractive.com/index5b15.html]
[qi51.qodeinteractive.com/wp-json/oembed/1.0/embedca2c]
[qi51.qodeinteractive.com/index0424.html]
[qi51.qodeinteractive.com/wp-content/uploads/elementor/css/post-99b025.css]
[qi51.qodeinteractive.com/index5401.html]
[qi51.qodeinteractive.com/index0bbe.html]
[qi51.qodeinteractive.com/wp-content/uploads/elementor/css/post-95adb2.css]
[qi51.qodeinteractive.com/index5eda.html]
[qi51.qodeinteractive.com/indexdad2.html]
[qi51.qodeinteractive.com/wp-content/uploads/elementor/css/post-9162c2.css]
[qi51.qodeinteractive.com/index5cfa.html]
[qi51.qodeinteractive.com/index8bba.html]
[qi51.qodeinteractive.com/wp-content/uploads/elementor/css/post-87b284.css]
[qi51.qodeinteractive.com/index5d38.html]
[qi51.qodeinteractive.com/index50cc.html]
[qi51.qodeinteractive.com/wp-content/uploads/elementor/css/post-781bc5.css]
[qi51.qodeinteractive.com/index7896.html]
[qi51.qodeinteractive.com/indexdba8.html]
[qi51.qodeinteractive.com/wp-content/uploads/elementor/css/post-7353e6.css]
[qi51.qodeinteractive.com/index8cae.html]
[qi51.qodeinteractive.com/index3f1a.html]
[qi51.qodeinteractive.com/wp-content/uploads/elementor/css/post-679166.css]
[qi51.qodeinteractive.com/index96f1.html]
[qi51.qodeinteractive.com/index4e9c.html]
[qi51.qodeinteractive.com/wp-content/uploads/elementor/css/post-15809e.css]
[qi51.qodeinteractive.com/indexa1ca.html]
[qi51.qodeinteractive.com/index0d7d.html]
[qi51.qodeinteractive.com/index8741.html]
[qi51.qodeinteractive.com/index04b4.html]
[qi51.qodeinteractive.com/indexbae1.html]
[qi51.qodeinteractive.com/index39ad.html]
[qi51.qodeinteractive.com/index3c75.html]
[qi51.qodeinteractive.com/indexd670.html]
[qi51.qodeinteractive.com/index631a.html]
[qi51.qodeinteractive.com/index57f5.html]
[qi51.qodeinteractive.com/index0d8f.html]
[qi51.qodeinteractive.com/index873d.html]
[qi51.qodeinteractive.com/index6862.html]
[qi51.qodeinteractive.com/index2c19.html]
[qi51.qodeinteractive.com/indexe693.html]
[qi51.qodeinteractive.com/indexe0a4.html]
[qi51.qodeinteractive.com/index8fe0.html]
[qi51.qodeinteractive.com/index551a.html]
[qi51.qodeinteractive.com/index6c25.html]
[qi51.qodeinteractive.com/indexcbcf.html]
[qi51.qodeinteractive.com/index11cb.html]
[qi51.qodeinteractive.com/index304b.html]
[qi51.qodeinteractive.com/index96f9.html]
[qi51.qodeinteractive.com/indexe310.html]
[qi51.qodeinteractive.com/index2298.html]
