[www.dejan.works/index.html]
[backblue.gif]
[fade.gif]
[index.html]
[dejan.works/img/dejanmarkovic.png]
[www.dejan.works/img/icon/apple-icon-57x57.png]
[www.dejan.works/img/icon/apple-icon-60x60.png]
[www.dejan.works/img/icon/apple-icon-72x72.png]
[www.dejan.works/img/icon/apple-icon-76x76.png]
[www.dejan.works/img/icon/apple-icon-114x114.png]
[www.dejan.works/img/icon/apple-icon-120x120.png]
[www.dejan.works/img/icon/apple-icon-144x144.png]
[www.dejan.works/img/icon/apple-icon-152x152.png]
[www.dejan.works/img/icon/apple-icon-180x180.png]
[www.dejan.works/img/icon/android-icon-192x192.png]
[www.dejan.works/img/icon/favicon-32x32.png]
[www.dejan.works/img/icon/favicon-96x96.png]
[www.dejan.works/img/icon/favicon-16x16.png]
[www.dejan.works/css/style.css]
[www.dejan.works/humans.txt]
[www.dejan.works/about/index.html]
[www.dejan.works/work/days/index.html]
[www.dejan.works/img/days.webp]
[www.dejan.works/work/tripscout/index.html]
[www.dejan.works/img/tripscout.webp]
[www.dejan.works/work/athotel/index.html]
[www.dejan.works/img/athotel.webp]
[www.dejan.works/work/invision/index.html]
[www.dejan.works/img/invision.webp]
[www.dejan.works/work/archive/index.html]
[www.dejan.works/img/archive.webp]
[ajax.googleapis.com/ajax/libs/jquery/2.1.3/jquery.min.js]
[www.dejan.works/index.html]
[www.dejan.works/img/manifest.html]
[cdnjs.cloudflare.com/ajax/libs/clipboard.js/2.0.8/clipboard.min.js]
[www.dejan.works/fonts/Geist-Light.eot]
[www.dejan.works/fonts/Geist-Lightd41d.eot]
[www.dejan.works/fonts/Geist-Light.woff2]
[www.dejan.works/fonts/Geist-Light.woff]
[www.dejan.works/fonts/Geist-Light.ttf]
[www.dejan.works/fonts/Geist-Regular.eot]
[www.dejan.works/fonts/Geist-Regulard41d.eot]
[www.dejan.works/fonts/Geist-Regular.woff2]
[www.dejan.works/fonts/Geist-Regular.woff]
[www.dejan.works/fonts/Geist-Regular.ttf]
[www.dejan.works/fonts/Geist-Medium.eot]
[www.dejan.works/fonts/Geist-Mediumd41d.eot]
[www.dejan.works/fonts/Geist-Medium.woff2]
[www.dejan.works/fonts/Geist-Medium.woff]
[www.dejan.works/fonts/Geist-Medium.ttf]
[www.dejan.works/fonts/Geist-SemiBold.eot]
[www.dejan.works/fonts/Geist-SemiBoldd41d.eot]
[www.dejan.works/fonts/Geist-SemiBold.woff2]
[www.dejan.works/fonts/Geist-SemiBold.woff]
[www.dejan.works/fonts/Geist-SemiBold.ttf]
[www.dejan.works/img/iphone12/iphone12.png]
[www.dejan.works/img/iphone6/devices-iphone-6.png]
[www.dejan.works/css/style.css]
[www.dejan.works/img/icon/manifest.json]
[www.dejan.works/about/img/Dejan.webp]
[www.dejan.works/about/index.html]
[www.dejan.works/work/days/img/Days.webp]
[www.dejan.works/work/days/video/Days.png]
[www.dejan.works/work/days/video/Days.mp4]
[www.dejan.works/work/days/img/Days-Review1.webp]
[www.dejan.works/work/days/img/Days-Review2.webp]
[www.dejan.works/work/days/img/Days-GreatOniOS.webp]
[www.dejan.works/work/days/img/Days-Store.webp]
[www.dejan.works/work/days/img/Days-Website.webp]
[www.dejan.works/work/days/img/Days-Events.webp]
[www.dejan.works/work/days/img/Days-Background.webp]
[www.dejan.works/work/days/img/Days-Camera.webp]
[www.dejan.works/work/days/img/Days-Event.webp]
[www.dejan.works/work/days/img/Days-Share.webp]
[www.dejan.works/work/days/img/Days-Widget.webp]
[www.dejan.works/work/days/img/Days-Screens.webp]
[www.dejan.works/work/days/img/Days-Upgrade.webp]
[www.dejan.works/work/days/img/Days-App-Of-The-Day.webp]
[www.dejan.works/work/days/img/Days-Apple-Event.webp]
[www.dejan.works/work/days/index.html]
[www.dejan.works/work/tripscout/img/Tripscout.webp]
[www.dejan.works/work/tripscout/img/Tripscout-App.webp]
[www.dejan.works/work/tripscout/img/Tripscout-logo.webp]
[www.dejan.works/work/tripscout/img/Tripscout-Onboarding.webp]
[www.dejan.works/work/tripscout/img/Tripscout-Places.webp]
[www.dejan.works/work/tripscout/img/Tripscout-Notification.webp]
[www.dejan.works/work/tripscout/img/Tripscout-Place.webp]
[www.dejan.works/work/tripscout/img/Tripscout-Food.webp]
[www.dejan.works/work/tripscout/img/Tripscout-Trips.webp]
[www.dejan.works/work/tripscout/img/Tripscout-Itinerary.webp]
[www.dejan.works/work/tripscout/img/Tripscout-Website.webp]
[www.dejan.works/work/tripscout/img/Tripscout-SF.webp]
[www.dejan.works/work/tripscout/img/Tripscout-SignIn.webp]
[www.dejan.works/work/tripscout/img/Tripscout-Web-Places.webp]
[www.dejan.works/work/tripscout/img/Tripscout-Web-Topics.webp]
[www.dejan.works/work/tripscout/img/Tripscout-Website-Black.webp]
[www.dejan.works/work/tripscout/img/Tripscout-Booking.webp]
[www.dejan.works/work/tripscout/img/Tripscout-Booking-Mobile.webp]
[www.dejan.works/work/tripscout/index.html]
[www.dejan.works/work/athotel/img/Athotel.webp]
[www.dejan.works/work/athotel/img/Athotel-Award.webp]
[www.dejan.works/work/athotel/img/Athotel-Trustpilot.webp]
[www.dejan.works/work/athotel/img/Athotel-Community.webp]
[www.dejan.works/work/athotel/img/Athotel-Mobile-Homepage.webp]
[www.dejan.works/work/athotel/img/Athotel-Desktop-Website.webp]
[www.dejan.works/work/athotel/img/Athotel-Mobile-Filter-Search.webp]
[www.dejan.works/work/athotel/img/Athotel-Mobile-Search-Results.webp]
[www.dejan.works/work/athotel/img/Athotel-Desktop-Search-Split.webp]
[www.dejan.works/work/athotel/img/Athotel-Mobile-Profile-Above-Fold.webp]
[www.dejan.works/work/athotel/img/Athotel-Mobile-Profile.webp]
[www.dejan.works/work/athotel/img/Athotel-Desktop-Profile-Old.webp]
[www.dejan.works/work/athotel/img/Athotel-Desktop-Profile.webp]
[www.dejan.works/work/athotel/img/Athotel-Mobile-Room-Price.webp]
[www.dejan.works/work/athotel/img/Athotel-Desktop-Checkout.webp]
[www.dejan.works/work/athotel/img/Athotel-Mobile-Checkout.webp]
[www.dejan.works/work/athotel/img/Athotel-Desktop-Website-Latest.webp]
[www.dejan.works/work/athotel/index.html]
[www.dejan.works/work/invision/video/InVision-DSM.png]
[www.dejan.works/work/invision/video/InVision-DSM.mp4]
[www.dejan.works/work/invision/img/DSM.webp]
[www.dejan.works/work/invision/img/DSM-Relate.webp]
[www.dejan.works/work/invision/img/DSM-Create.webp]
[www.dejan.works/work/invision/img/DSM-Welcome.webp]
[www.dejan.works/work/invision/img/DSM-Typography.webp]
[www.dejan.works/work/invision/img/DSM-Color.webp]
[www.dejan.works/work/invision/img/DSM-Edit.webp]
[www.dejan.works/work/invision/img/DSM-Add.webp]
[www.dejan.works/work/invision/img/DSM-Button.webp]
[www.dejan.works/work/invision/img/DSM-What.webp]
[www.dejan.works/work/invision/img/DSM-Hieararchy.webp]
[www.dejan.works/work/invision/video/InVision-Craft.png]
[www.dejan.works/work/invision/video/InVision-Craft.mp4]
[www.dejan.works/work/invision/img/Craft-Sync-PS.webp]
[www.dejan.works/work/invision/img/Craft-Sync-Sketch.webp]
[www.dejan.works/work/invision/img/Craft-Prototypes.webp]
[www.dejan.works/work/invision/img/Craft-Publish.webp]
[www.dejan.works/work/invision/img/Craft-Plugins.webp]
[www.dejan.works/work/invision/img/Craft-Link.webp]
[www.dejan.works/work/invision/img/Inspect.webp]
[www.dejan.works/work/invision/video/InVision-Inspect.png]
[www.dejan.works/work/invision/video/InVision-Inspect.mp4]
[www.dejan.works/work/invision/img/Inspect-Desktop.webp]
[www.dejan.works/work/invision/img/Inspect-Mobile.webp]
[www.dejan.works/work/invision/img/Inspect-Assets.webp]
[www.dejan.works/work/invision/index.html]
[www.dejan.works/work/archive/img/Rehash.webp]
[www.dejan.works/work/archive/img/BotMD.webp]
[www.dejan.works/work/archive/img/Cineplex.webp]
[www.dejan.works/work/archive/img/Achievo.webp]
[www.dejan.works/work/archive/img/Thrum.webp]
[www.dejan.works/work/archive/img/Tesla.webp]
[www.dejan.works/work/archive/img/LOC.webp]
[www.dejan.works/work/archive/img/Pingg.webp]
[www.dejan.works/work/archive/img/Sippo.webp]
[www.dejan.works/work/archive/img/Coffee.webp]
[www.dejan.works/work/archive/img/ArtAttack.webp]
[www.dejan.works/work/archive/img/Kors.webp]
[www.dejan.works/work/archive/img/Favorr.webp]
[www.dejan.works/work/archive/img/Messages.webp]
[www.dejan.works/work/archive/img/Livecam.webp]
[www.dejan.works/work/archive/img/Period.webp]
[www.dejan.works/work/archive/img/Home.webp]
[www.dejan.works/work/archive/img/Dashboard.webp]
[www.dejan.works/work/archive/img/Favorites.webp]
[www.dejan.works/work/archive/img/Clubba.webp]
[www.dejan.works/work/archive/img/Spareroom.webp]
[www.dejan.works/work/archive/img/Explore.webp]
[www.dejan.works/work/archive/img/OneLess.webp]
[www.dejan.works/work/archive/img/Untouched.webp]
[www.dejan.works/work/archive/index.html]
[www.dejan.works/work/humans.html]
